2026-06-03 15:44:51 | INFO | Using device: cuda
2026-06-03 15:44:51 | INFO | Config: {'seed': 42, 'epochs': 10, 'batch_size': 16, 'eval_batch_size': 32, 'spiking_layers': 4, 'output_dir': '/datastore/cndt_phungdtm/KLTN_GRIT/Nhan/uit/uit-models/tier1_spikebert/seed_42', 'teacher_ckpt': '/datastore/cndt_phungdtm/KLTN_GRIT/Nhan/uit/uit-models/phobert_vsfc/best_model.pth', 'model_name': 'vinai/phobert-base-v2', 'train_path': '/datastore/cndt_phungdtm/KLTN_GRIT/Nhan/uit/cache/train_segmented.parquet', 'dev_path': '/datastore/cndt_phungdtm/KLTN_GRIT/Nhan/uit/cache/dev_segmented.parquet', 'test_path': '/datastore/cndt_phungdtm/KLTN_GRIT/Nhan/uit/cache/test_segmented.parquet', 'max_length': 256, 'lr': 2e-05, 'weight_decay': 0.01, 'alpha': 0.3, 'temperature_kd': 4.0, 'lambda_f': 0.1, 'warmup_ratio': 0.1, 'max_grad_norm': 1.0, 'num_workers': 2, 'local_files_only': False, 'amp': True, 'spike_timesteps': 4, 'spike_threshold': 1.0, 'surrogate_alpha': 2.0}
2026-06-03 15:44:52 | INFO | HTTP Request: HEAD https://huggingface.co/vinai/phobert-base-v2/resolve/main/config.json "HTTP/1.1 307 Temporary Redirect"
Warning: You are sending unauthenticated requests to the HF Hub. Please set a HF_TOKEN to enable higher rate limits and faster downloads.
2026-06-03 15:44:52 | WARNING | Warning: You are sending unauthenticated requests to the HF Hub. Please set a HF_TOKEN to enable higher rate limits and faster downloads.
2026-06-03 15:44:52 | INFO | HTTP Request: HEAD https://huggingface.co/api/resolve-cache/models/vinai/phobert-base-v2/e2375d266bdf39c6e8e9a87af16a5da3190b0cc8/config.json "HTTP/1.1 200 OK"
2026-06-03 15:44:52 | INFO | HTTP Request: GET https://huggingface.co/api/resolve-cache/models/vinai/phobert-base-v2/e2375d266bdf39c6e8e9a87af16a5da3190b0cc8/config.json "HTTP/1.1 200 OK"
2026-06-03 15:44:52 | INFO | HTTP Request: HEAD https://huggingface.co/vinai/phobert-base-v2/resolve/main/tokenizer_config.json "HTTP/1.1 404 Not Found"
2026-06-03 15:44:52 | INFO | HTTP Request: HEAD https://huggingface.co/vinai/phobert-base-v2/resolve/main/tokenizer_config.json "HTTP/1.1 404 Not Found"
2026-06-03 15:44:53 | INFO | HTTP Request: GET https://huggingface.co/api/models/vinai/phobert-base-v2/tree/main/additional_chat_templates?recursive=false&expand=false "HTTP/1.1 404 Not Found"
2026-06-03 15:44:53 | INFO | HTTP Request: GET https://huggingface.co/api/models/vinai/phobert-base-v2/tree/main?recursive=true&expand=false "HTTP/1.1 200 OK"
2026-06-03 15:44:53 | INFO | HTTP Request: HEAD https://huggingface.co/vinai/phobert-base-v2/resolve/main/vocab.txt "HTTP/1.1 307 Temporary Redirect"
2026-06-03 15:44:53 | INFO | HTTP Request: HEAD https://huggingface.co/api/resolve-cache/models/vinai/phobert-base-v2/e2375d266bdf39c6e8e9a87af16a5da3190b0cc8/vocab.txt "HTTP/1.1 200 OK"
2026-06-03 15:44:53 | INFO | HTTP Request: GET https://huggingface.co/api/resolve-cache/models/vinai/phobert-base-v2/e2375d266bdf39c6e8e9a87af16a5da3190b0cc8/vocab.txt "HTTP/1.1 200 OK"
2026-06-03 15:44:54 | INFO | HTTP Request: HEAD https://huggingface.co/vinai/phobert-base-v2/resolve/main/bpe.codes "HTTP/1.1 307 Temporary Redirect"
2026-06-03 15:44:54 | INFO | HTTP Request: HEAD https://huggingface.co/api/resolve-cache/models/vinai/phobert-base-v2/e2375d266bdf39c6e8e9a87af16a5da3190b0cc8/bpe.codes "HTTP/1.1 200 OK"
2026-06-03 15:44:54 | INFO | HTTP Request: GET https://huggingface.co/api/resolve-cache/models/vinai/phobert-base-v2/e2375d266bdf39c6e8e9a87af16a5da3190b0cc8/bpe.codes "HTTP/1.1 200 OK"
2026-06-03 15:44:54 | INFO | HTTP Request: HEAD https://huggingface.co/vinai/phobert-base-v2/resolve/main/added_tokens.json "HTTP/1.1 404 Not Found"
2026-06-03 15:44:54 | INFO | HTTP Request: HEAD https://huggingface.co/vinai/phobert-base-v2/resolve/main/special_tokens_map.json "HTTP/1.1 404 Not Found"
2026-06-03 15:44:55 | INFO | HTTP Request: HEAD https://huggingface.co/vinai/phobert-base-v2/resolve/main/tokenizer.json "HTTP/1.1 307 Temporary Redirect"
2026-06-03 15:44:55 | INFO | HTTP Request: HEAD https://huggingface.co/api/resolve-cache/models/vinai/phobert-base-v2/e2375d266bdf39c6e8e9a87af16a5da3190b0cc8/tokenizer.json "HTTP/1.1 200 OK"
2026-06-03 15:44:55 | INFO | HTTP Request: GET https://huggingface.co/api/resolve-cache/models/vinai/phobert-base-v2/e2375d266bdf39c6e8e9a87af16a5da3190b0cc8/tokenizer.json "HTTP/1.1 200 OK"
2026-06-03 15:44:55 | INFO | HTTP Request: HEAD https://huggingface.co/vinai/phobert-base-v2/resolve/main/chat_template.jinja "HTTP/1.1 404 Not Found"
2026-06-03 15:44:55 | INFO | Train size=11426 Dev size=1583 Test size=3166
2026-06-03 15:44:55 | INFO | Train label counts: {0: 5325, 1: 458, 2: 5643}
2026-06-03 15:44:55 | INFO | Class weights: [0.7152425646781921, 8.315866470336914, 0.6749364733695984]
2026-06-03 15:44:56 | INFO | HTTP Request: HEAD https://huggingface.co/vinai/phobert-base-v2/resolve/main/config.json "HTTP/1.1 307 Temporary Redirect"
2026-06-03 15:44:56 | INFO | HTTP Request: HEAD https://huggingface.co/api/resolve-cache/models/vinai/phobert-base-v2/e2375d266bdf39c6e8e9a87af16a5da3190b0cc8/config.json "HTTP/1.1 200 OK"
2026-06-03 15:44:56 | INFO | HTTP Request: HEAD https://huggingface.co/vinai/phobert-base-v2/resolve/main/adapter_config.json "HTTP/1.1 404 Not Found"
2026-06-03 15:44:56 | INFO | HTTP Request: HEAD https://huggingface.co/vinai/phobert-base-v2/resolve/main/config.json "HTTP/1.1 307 Temporary Redirect"
2026-06-03 15:44:56 | INFO | HTTP Request: HEAD https://huggingface.co/api/resolve-cache/models/vinai/phobert-base-v2/e2375d266bdf39c6e8e9a87af16a5da3190b0cc8/config.json "HTTP/1.1 200 OK"
2026-06-03 15:44:57 | INFO | HTTP Request: HEAD https://huggingface.co/vinai/phobert-base-v2/resolve/main/model.safetensors "HTTP/1.1 404 Not Found"
2026-06-03 15:44:57 | INFO | HTTP Request: HEAD https://huggingface.co/vinai/phobert-base-v2/resolve/main/model.safetensors.index.json "HTTP/1.1 404 Not Found"
2026-06-03 15:44:57 | INFO | HTTP Request: HEAD https://huggingface.co/vinai/phobert-base-v2/resolve/main/pytorch_model.bin "HTTP/1.1 302 Found"
2026-06-03 15:44:57 | INFO | HTTP Request: GET https://huggingface.co/api/models/vinai/phobert-base-v2/xet-read-token/e2375d266bdf39c6e8e9a87af16a5da3190b0cc8 "HTTP/1.1 200 OK"
2026-06-03 15:45:07 | INFO | HTTP Request: HEAD https://huggingface.co/vinai/phobert-base-v2/resolve/main/model.safetensors "HTTP/1.1 404 Not Found"
2026-06-03 15:45:07 | INFO | HTTP Request: GET https://huggingface.co/api/models/vinai/phobert-base-v2 "HTTP/1.1 200 OK"
[transformers] [1mRobertaModel LOAD REPORT[0m from: vinai/phobert-base-v2
Key                       | Status     | 
--------------------------+------------+-
lm_head.dense.weight      | UNEXPECTED | 
lm_head.bias              | UNEXPECTED | 
lm_head.layer_norm.weight | UNEXPECTED | 
lm_head.layer_norm.bias   | UNEXPECTED | 
lm_head.dense.bias        | UNEXPECTED | 
pooler.dense.weight       | MISSING    | 
pooler.dense.bias         | MISSING    | 

Notes:
- UNEXPECTED:	can be ignored when loading from different task/architecture; not ok if you expect identical arch.
- MISSING:	those params were newly initialized because missing from the checkpoint. Consider training on your downstream task.
2026-06-03 15:45:08 | INFO | HTTP Request: GET https://huggingface.co/api/models/vinai/phobert-base-v2/commits/main "HTTP/1.1 200 OK"
2026-06-03 15:45:08 | INFO | HTTP Request: GET https://huggingface.co/api/models/vinai/phobert-base-v2/discussions?p=0 "HTTP/1.1 200 OK"
2026-06-03 15:45:08 | INFO | HTTP Request: GET https://huggingface.co/api/models/vinai/phobert-base-v2/commits/refs%2Fpr%2F3 "HTTP/1.1 200 OK"
2026-06-03 15:45:08 | INFO | HTTP Request: HEAD https://huggingface.co/vinai/phobert-base-v2/resolve/refs%2Fpr%2F3/model.safetensors.index.json "HTTP/1.1 404 Not Found"
2026-06-03 15:45:08 | INFO | Loaded teacher checkpoint from /datastore/cndt_phungdtm/KLTN_GRIT/Nhan/uit/uit-models/phobert_vsfc/best_model.pth
2026-06-03 15:45:08 | INFO | Teacher missing keys: []
2026-06-03 15:45:08 | INFO | Teacher unexpected keys: []
2026-06-03 15:45:09 | INFO | HTTP Request: HEAD https://huggingface.co/vinai/phobert-base-v2/resolve/refs%2Fpr%2F3/model.safetensors "HTTP/1.1 302 Found"
2026-06-03 15:45:09 | INFO | HTTP Request: GET https://huggingface.co/api/models/vinai/phobert-base-v2/xet-read-token/af5ac018e26d84d362ff74d1ea2140f201c50845 "HTTP/1.1 200 OK"
2026-06-03 15:45:09 | INFO | HTTP Request: HEAD https://huggingface.co/vinai/phobert-base-v2/resolve/main/config.json "HTTP/1.1 307 Temporary Redirect"
2026-06-03 15:45:09 | INFO | HTTP Request: HEAD https://huggingface.co/api/resolve-cache/models/vinai/phobert-base-v2/e2375d266bdf39c6e8e9a87af16a5da3190b0cc8/config.json "HTTP/1.1 200 OK"
2026-06-03 15:45:10 | INFO | HTTP Request: HEAD https://huggingface.co/vinai/phobert-base-v2/resolve/main/config.json "HTTP/1.1 307 Temporary Redirect"
2026-06-03 15:45:10 | INFO | HTTP Request: HEAD https://huggingface.co/api/resolve-cache/models/vinai/phobert-base-v2/e2375d266bdf39c6e8e9a87af16a5da3190b0cc8/config.json "HTTP/1.1 200 OK"
2026-06-03 15:45:10 | INFO | HTTP Request: HEAD https://huggingface.co/vinai/phobert-base-v2/resolve/main/model.safetensors "HTTP/1.1 404 Not Found"
2026-06-03 15:45:10 | INFO | HTTP Request: GET https://huggingface.co/api/models/vinai/phobert-base-v2 "HTTP/1.1 200 OK"
[transformers] [1mRobertaModel LOAD REPORT[0m from: vinai/phobert-base-v2
Key                       | Status     | 
--------------------------+------------+-
lm_head.dense.weight      | UNEXPECTED | 
lm_head.bias              | UNEXPECTED | 
lm_head.layer_norm.weight | UNEXPECTED | 
lm_head.layer_norm.bias   | UNEXPECTED | 
lm_head.dense.bias        | UNEXPECTED | 
pooler.dense.weight       | MISSING    | 
pooler.dense.bias         | MISSING    | 

Notes:
- UNEXPECTED:	can be ignored when loading from different task/architecture; not ok if you expect identical arch.
- MISSING:	those params were newly initialized because missing from the checkpoint. Consider training on your downstream task.
2026-06-03 15:45:10 | INFO | Spiking FFN layer indices: [8, 9, 10, 11]
2026-06-03 15:45:11 | INFO | HTTP Request: GET https://huggingface.co/api/models/vinai/phobert-base-v2/commits/main "HTTP/1.1 200 OK"
2026-06-03 15:45:11 | INFO | HTTP Request: GET https://huggingface.co/api/models/vinai/phobert-base-v2/discussions?p=0 "HTTP/1.1 200 OK"
2026-06-03 15:45:11 | INFO | HTTP Request: GET https://huggingface.co/api/models/vinai/phobert-base-v2/commits/refs%2Fpr%2F3 "HTTP/1.1 200 OK"
2026-06-03 15:45:11 | INFO | HTTP Request: HEAD https://huggingface.co/vinai/phobert-base-v2/resolve/refs%2Fpr%2F3/model.safetensors.index.json "HTTP/1.1 404 Not Found"
2026-06-03 15:45:12 | INFO | HTTP Request: HEAD https://huggingface.co/vinai/phobert-base-v2/resolve/refs%2Fpr%2F3/model.safetensors "HTTP/1.1 302 Found"
2026-06-03 15:51:21 | INFO | Epoch 1/10 | train_loss=1.3977 ce=0.9460 kd=1.4613 feat=0.9103 | dev_loss=1.1059 dev_acc=0.9419 dev_f1_macro=0.8122 dev_f1_weighted=0.9366 | firing_rate=0.2288
2026-06-03 15:51:23 | INFO | Saved best checkpoint to /datastore/cndt_phungdtm/KLTN_GRIT/Nhan/uit/uit-models/tier1_spikebert/seed_42/best_tier1_seed42.pt
2026-06-03 15:58:44 | INFO | Epoch 2/10 | train_loss=0.5561 ce=0.7275 kd=0.3844 feat=0.6875 | dev_loss=1.2084 dev_acc=0.9463 dev_f1_macro=0.8151 dev_f1_weighted=0.9409 | firing_rate=0.2604
2026-06-03 15:58:46 | INFO | Saved best checkpoint to /datastore/cndt_phungdtm/KLTN_GRIT/Nhan/uit/uit-models/tier1_spikebert/seed_42/best_tier1_seed42.pt
2026-06-03 16:06:09 | INFO | Epoch 3/10 | train_loss=0.4032 ce=0.5284 kd=0.2600 feat=0.6263 | dev_loss=0.8468 dev_acc=0.9476 dev_f1_macro=0.8604 dev_f1_weighted=0.9461 | firing_rate=0.2715
2026-06-03 16:06:11 | INFO | Saved best checkpoint to /datastore/cndt_phungdtm/KLTN_GRIT/Nhan/uit/uit-models/tier1_spikebert/seed_42/best_tier1_seed42.pt
2026-06-03 16:13:34 | INFO | Epoch 4/10 | train_loss=0.3180 ce=0.4301 kd=0.1863 feat=0.5859 | dev_loss=0.9645 dev_acc=0.9476 dev_f1_macro=0.8582 dev_f1_weighted=0.9453 | firing_rate=0.2800
2026-06-03 16:20:56 | INFO | Epoch 5/10 | train_loss=0.2311 ce=0.3005 kd=0.1211 feat=0.5617 | dev_loss=0.9547 dev_acc=0.9501 dev_f1_macro=0.8570 dev_f1_weighted=0.9482 | firing_rate=0.3076
2026-06-03 16:28:19 | INFO | Epoch 6/10 | train_loss=0.2036 ce=0.2884 kd=0.0906 feat=0.5366 | dev_loss=0.8671 dev_acc=0.9495 dev_f1_macro=0.8648 dev_f1_weighted=0.9478 | firing_rate=0.3182
2026-06-03 16:28:20 | INFO | Saved best checkpoint to /datastore/cndt_phungdtm/KLTN_GRIT/Nhan/uit/uit-models/tier1_spikebert/seed_42/best_tier1_seed42.pt
2026-06-03 16:35:45 | INFO | Epoch 7/10 | train_loss=0.1678 ce=0.2382 kd=0.0633 feat=0.5203 | dev_loss=0.7788 dev_acc=0.9514 dev_f1_macro=0.8679 dev_f1_weighted=0.9505 | firing_rate=0.2970
2026-06-03 16:35:46 | INFO | Saved best checkpoint to /datastore/cndt_phungdtm/KLTN_GRIT/Nhan/uit/uit-models/tier1_spikebert/seed_42/best_tier1_seed42.pt
2026-06-03 16:43:10 | INFO | Epoch 8/10 | train_loss=0.1400 ce=0.1893 kd=0.0462 feat=0.5086 | dev_loss=0.9248 dev_acc=0.9514 dev_f1_macro=0.8641 dev_f1_weighted=0.9492 | firing_rate=0.3139
2026-06-03 16:50:33 | INFO | Epoch 9/10 | train_loss=0.1247 ce=0.1693 kd=0.0341 feat=0.5002 | dev_loss=0.8287 dev_acc=0.9551 dev_f1_macro=0.8750 dev_f1_weighted=0.9538 | firing_rate=0.3089
2026-06-03 16:50:35 | INFO | Saved best checkpoint to /datastore/cndt_phungdtm/KLTN_GRIT/Nhan/uit/uit-models/tier1_spikebert/seed_42/best_tier1_seed42.pt
2026-06-03 16:57:58 | INFO | Epoch 10/10 | train_loss=0.1189 ce=0.1621 kd=0.0295 feat=0.4964 | dev_loss=0.8294 dev_acc=0.9533 dev_f1_macro=0.8737 dev_f1_weighted=0.9519 | firing_rate=0.3045
2026-06-03 16:57:59 | INFO | Loaded best student checkpoint: /datastore/cndt_phungdtm/KLTN_GRIT/Nhan/uit/uit-models/tier1_spikebert/seed_42/best_tier1_seed42.pt
2026-06-03 16:57:59 | INFO | Student missing keys on reload: []
2026-06-03 16:57:59 | INFO | Student unexpected keys on reload: []
2026-06-03 16:59:07 | INFO | Saved detailed energy report to /datastore/cndt_phungdtm/KLTN_GRIT/Nhan/uit/uit-models/tier1_spikebert/seed_42/energy_report_seed42.json
